
Running 148 tests using 1 worker

  ✓  1 [setup] › auth.setup.ts:11:8 › log in as Super admin (1.8s)
  ✓  2 [setup] › auth.setup.ts:11:8 › log in as User (1.6s)
  ✓  3 [super-admin-desktop-chrome] › super-admin/TC-WEB-005.spec.ts:13:5 › TC-WEB-005: super admin records, reviews, edits, duplicates and exports a time entry (5.9s)
  ✓  4 [super-admin-desktop-chrome] › super-admin/TC-WEB-027.spec.ts:21:5 › TC-WEB-027: Super admin sees only own entries, not other users' entries (1.3s)
  ✓  5 [super-admin-desktop-chrome] › super-admin/TC-WEB-028.spec.ts:4:5 › TC-WEB-028: super admin desktop list shows inline Create and Export and 9 of 16 columns (787ms)
  -  6 [super-admin-desktop-chrome] › super-admin/TC-WEB-029.spec.ts:6:5 › TC-WEB-029: mobile list offers Create and Export in a dropdown and shows 4 of 16 columns
  ✓  7 [super-admin-desktop-chrome] › super-admin/TC-WEB-031.spec.ts:4:5 › TC-WEB-031: super admin sees administration, invoice, team timesheet and reporting groups inline and can follow an administration link (3.1s)
  -  8 [super-admin-desktop-chrome] › super-admin/TC-WEB-033.spec.ts:4:5 › TC-WEB-033: mobile navigation shows the super admin groups behind the header toggle
  ✓  9 [super-admin-desktop-chrome] › super-admin/TC-WEB-034.spec.ts:19:5 › TC-WEB-034: no console errors or failed requests on any page without created data (33.7s)
  ✓  10 [super-admin-desktop-chrome] › super-admin/TC-WEB-169.spec.ts:4:5 › TC-WEB-169: super admin enables a hidden list column, it persists after reload and the reset restores the default (2.5s)
  ✓  11 [super-admin-iphone-13] › super-admin/TC-WEB-005.spec.ts:13:5 › TC-WEB-005: super admin records, reviews, edits, duplicates and exports a time entry (8.2s)
  ✓  12 [super-admin-iphone-13] › super-admin/TC-WEB-027.spec.ts:21:5 › TC-WEB-027: Super admin sees only own entries, not other users' entries (1.5s)
  -  13 [super-admin-iphone-13] › super-admin/TC-WEB-028.spec.ts:4:5 › TC-WEB-028: super admin desktop list shows inline Create and Export and 9 of 16 columns
  ✓  14 [super-admin-iphone-13] › super-admin/TC-WEB-029.spec.ts:6:5 › TC-WEB-029: mobile list offers Create and Export in a dropdown and shows 4 of 16 columns (996ms)
  -  15 [super-admin-iphone-13] › super-admin/TC-WEB-031.spec.ts:4:5 › TC-WEB-031: super admin sees administration, invoice, team timesheet and reporting groups inline and can follow an administration link
  ✓  16 [super-admin-iphone-13] › super-admin/TC-WEB-033.spec.ts:4:5 › TC-WEB-033: mobile navigation shows the super admin groups behind the header toggle (5.4s)
  ✓  17 [super-admin-iphone-13] › super-admin/TC-WEB-034.spec.ts:19:5 › TC-WEB-034: no console errors or failed requests on any page without created data (33.2s)
  -  18 [super-admin-iphone-13] › super-admin/TC-WEB-169.spec.ts:4:5 › TC-WEB-169: super admin enables a hidden list column, it persists after reload and the reset restores the default
  ✓  19 [user-desktop-chrome] › user/TC-SEC-008.spec.ts:29:5 › TC-SEC-008: SQL injection strings in timesheet search and date range change no results and cause no error (8.1s)
  ✓  20 [user-desktop-chrome] › user/TC-SEC-013.spec.ts:4:5 › TC-SEC-013: User write requests to restricted routes are denied with 403 and leak no data (1.6s)
  ✓  21 [user-desktop-chrome] › user/TC-SEC-025.spec.ts:4:5 › TC-SEC-025: a User gets 403 on every tag route and no tag changes (1.5s)
  ✓  22 [user-desktop-chrome] › user/TC-SEC-026.spec.ts:8:5 › TC-SEC-026: a User gets 403 on every project route and the project stays unchanged (1.3s)
  ✓  23 [user-desktop-chrome] › user/TC-SEC-027.spec.ts:4:5 › TC-SEC-027: User gets 403 on every activity route except the list and the activity stays unchanged (1.9s)
  ✓  24 [user-desktop-chrome] › user/TC-SEC-028.spec.ts:21:5 › TC-SEC-028: the user query parameter does not expose another user's data (6.4s)
  ✓  25 [user-desktop-chrome] › user/TC-SEC-029.spec.ts:6:5 › TC-SEC-029: batch update and batch delete skip the Super admin entry posted by a User (779ms)
  ✓  26 [user-desktop-chrome] › user/TC-SEC-032.spec.ts:6:5 › TC-SEC-032: unknown entry id, export format and page zero return a clean 404 (189ms)
  ✓  27 [user-desktop-chrome] › user/TC-WEB-004.spec.ts:25:5 › TC-WEB-004: user records, reviews, edits, duplicates and exports a time entry (5.5s)
  ✓  28 [user-desktop-chrome] › user/TC-WEB-019.spec.ts:8:5 › TC-WEB-019: logout ends the session and protected routes redirect to login (2.4s)
  ✓  29 [user-desktop-chrome] › user/TC-WEB-020.spec.ts:13:5 › TC-WEB-020: the list shows own entries only, pages them, and clamps a page beyond the last (4.8s)
  ✓  30 [user-desktop-chrome] › user/TC-WEB-021.spec.ts:43:5 › TC-WEB-021: user narrows the list with search and date-range filters (2.5s)
  ✓  31 [user-desktop-chrome] › user/TC-WEB-022.spec.ts:25:5 › TC-WEB-022: user enables a hidden column, it persists across reload, and another role is unaffected (3.2s)
  ✓  32 [user-desktop-chrome] › user/TC-WEB-023.spec.ts:4:5 › TC-WEB-023: desktop list shows inline Create and Export and the breakpoint columns (1.1s)
  -  33 [user-desktop-chrome] › user/TC-WEB-024.spec.ts:13:5 › TC-WEB-024: mobile list exposes Create and Export through the kebab and hides wide columns
  ✓  34 [user-desktop-chrome] › user/TC-WEB-025.spec.ts:45:5 › TC-WEB-025: user batch-updates and batch-deletes entries via checkboxes (3.9s)
  ✓  35 [user-desktop-chrome] › user/TC-WEB-026.spec.ts:33:5 › TC-WEB-026: user edits, copies, restarts and deletes entries from row actions (4.8s)
  ✓  36 [user-desktop-chrome] › user/TC-WEB-030.spec.ts:4:5 › TC-WEB-030: Desktop navigation shows the User's menu groups inline (1.1s)
  -  37 [user-desktop-chrome] › user/TC-WEB-032.spec.ts:13:5 › TC-WEB-032: mobile menu is behind the header toggle and groups open before their links show
  ✓  38 [user-desktop-chrome] › user/TC-WEB-098.spec.ts:11:7 › TC-WEB-098: the login page redirects to the landing page (654ms)
  ✓  39 [user-desktop-chrome] › user/TC-WEB-098.spec.ts:11:7 › TC-WEB-098: the reset request page redirects to the landing page (665ms)
  ✓  40 [user-desktop-chrome] › user/TC-WEB-100.spec.ts:8:5 › TC-WEB-100: remembered user with an expired session unlocks with the password only (2.4s)
  ✓  41 [user-desktop-chrome] › user/TC-WEB-157.spec.ts:27:5 › TC-WEB-157: user desktop list and batch update offer no rate, billable or exported controls (1.8s)
  ✓  42 [user-desktop-chrome] › user/TC-WEB-160.spec.ts:10:5 › TC-WEB-160: user cannot edit or delete an entry that a super admin marked as exported (1.5s)
  ✓  43 [user-desktop-chrome] › user/TC-WEB-161.spec.ts:7:5 › TC-WEB-161: user cannot edit or delete an entry in a period locked on its project (2.3s)
  ✓  44 [user-desktop-chrome] › user/TC-WEB-165.spec.ts:49:5 › TC-WEB-165: batch update needs an activity and moves both ticked entries (2.7s)
  ✓  45 [user-desktop-chrome] › user/TC-WEB-167.spec.ts:35:5 › TC-WEB-167: user filters the list by running state and page size and sorts by a column (1.9s)
  ✓  46 [user-desktop-chrome] › user/TC-WEB-168.spec.ts:45:5 › TC-WEB-168: user sets a filter as default, the plain list applies it, and removing it restores both entries (1.8s)
  -  47 [user-desktop-chrome] › user/TC-WEB-170.spec.ts:45:5 › TC-WEB-170: user mobile list column choice persists and can be reset
  ✓  48 [user-desktop-chrome] › user/TC-WEB-180.spec.ts:10:5 › TC-WEB-180: user cannot duplicate an entry whose project was deactivated (950ms)
  ✓  49 [user-desktop-chrome] › user/TC-WEB-181.spec.ts:20:5 › TC-WEB-181: duplicating a running entry starts the copy and stops the original (1.8s)
  ✓  50 [user-iphone-13] › user/TC-SEC-008.spec.ts:29:5 › TC-SEC-008: SQL injection strings in timesheet search and date range change no results and cause no error (8.1s)
  ✓  51 [user-iphone-13] › user/TC-SEC-013.spec.ts:4:5 › TC-SEC-013: User write requests to restricted routes are denied with 403 and leak no data (1.7s)
  ✓  52 [user-iphone-13] › user/TC-SEC-025.spec.ts:4:5 › TC-SEC-025: a User gets 403 on every tag route and no tag changes (1.6s)
  ✓  53 [user-iphone-13] › user/TC-SEC-026.spec.ts:8:5 › TC-SEC-026: a User gets 403 on every project route and the project stays unchanged (960ms)
  ✓  54 [user-iphone-13] › user/TC-SEC-027.spec.ts:4:5 › TC-SEC-027: User gets 403 on every activity route except the list and the activity stays unchanged (2.0s)
  ✓  55 [user-iphone-13] › user/TC-SEC-028.spec.ts:21:5 › TC-SEC-028: the user query parameter does not expose another user's data (6.3s)
  ✓  56 [user-iphone-13] › user/TC-SEC-029.spec.ts:6:5 › TC-SEC-029: batch update and batch delete skip the Super admin entry posted by a User (783ms)
  ✓  57 [user-iphone-13] › user/TC-SEC-032.spec.ts:6:5 › TC-SEC-032: unknown entry id, export format and page zero return a clean 404 (91ms)
  ✓  58 [user-iphone-13] › user/TC-WEB-004.spec.ts:25:5 › TC-WEB-004: user records, reviews, edits, duplicates and exports a time entry (7.5s)
  ✓  59 [user-iphone-13] › user/TC-WEB-019.spec.ts:8:5 › TC-WEB-019: logout ends the session and protected routes redirect to login (2.4s)
  ✓  60 [user-iphone-13] › user/TC-WEB-020.spec.ts:13:5 › TC-WEB-020: the list shows own entries only, pages them, and clamps a page beyond the last (4.7s)
  ✓  61 [user-iphone-13] › user/TC-WEB-021.spec.ts:43:5 › TC-WEB-021: user narrows the list with search and date-range filters (2.2s)
  -  62 [user-iphone-13] › user/TC-WEB-022.spec.ts:25:5 › TC-WEB-022: user enables a hidden column, it persists across reload, and another role is unaffected
  -  63 [user-iphone-13] › user/TC-WEB-023.spec.ts:4:5 › TC-WEB-023: desktop list shows inline Create and Export and the breakpoint columns
  ✓  64 [user-iphone-13] › user/TC-WEB-024.spec.ts:13:5 › TC-WEB-024: mobile list exposes Create and Export through the kebab and hides wide columns (2.0s)
  ✓  65 [user-iphone-13] › user/TC-WEB-025.spec.ts:45:5 › TC-WEB-025: user batch-updates and batch-deletes entries via checkboxes (3.8s)
  ✓  66 [user-iphone-13] › user/TC-WEB-026.spec.ts:33:5 › TC-WEB-026: user edits, copies, restarts and deletes entries from row actions (4.9s)
  -  67 [user-iphone-13] › user/TC-WEB-030.spec.ts:4:5 › TC-WEB-030: Desktop navigation shows the User's menu groups inline
  ✓  68 [user-iphone-13] › user/TC-WEB-032.spec.ts:13:5 › TC-WEB-032: mobile menu is behind the header toggle and groups open before their links show (1.3s)
  ✓  69 [user-iphone-13] › user/TC-WEB-098.spec.ts:11:7 › TC-WEB-098: the login page redirects to the landing page (738ms)
  ✓  70 [user-iphone-13] › user/TC-WEB-098.spec.ts:11:7 › TC-WEB-098: the reset request page redirects to the landing page (736ms)
  ✓  71 [user-iphone-13] › user/TC-WEB-100.spec.ts:8:5 › TC-WEB-100: remembered user with an expired session unlocks with the password only (2.5s)
  -  72 [user-iphone-13] › user/TC-WEB-157.spec.ts:27:5 › TC-WEB-157: user desktop list and batch update offer no rate, billable or exported controls
  ✓  73 [user-iphone-13] › user/TC-WEB-160.spec.ts:10:5 › TC-WEB-160: user cannot edit or delete an entry that a super admin marked as exported (1.8s)
  ✓  74 [user-iphone-13] › user/TC-WEB-161.spec.ts:7:5 › TC-WEB-161: user cannot edit or delete an entry in a period locked on its project (3.2s)
  ✓  75 [user-iphone-13] › user/TC-WEB-165.spec.ts:49:5 › TC-WEB-165: batch update needs an activity and moves both ticked entries (3.2s)
  ✓  76 [user-iphone-13] › user/TC-WEB-167.spec.ts:35:5 › TC-WEB-167: user filters the list by running state and page size and sorts by a column (2.7s)
  ✓  77 [user-iphone-13] › user/TC-WEB-168.spec.ts:45:5 › TC-WEB-168: user sets a filter as default, the plain list applies it, and removing it restores both entries (2.0s)
  ✓  78 [user-iphone-13] › user/TC-WEB-170.spec.ts:45:5 › TC-WEB-170: user mobile list column choice persists and can be reset (2.4s)
  ✓  79 [user-iphone-13] › user/TC-WEB-180.spec.ts:10:5 › TC-WEB-180: user cannot duplicate an entry whose project was deactivated (1.1s)
  ✓  80 [user-iphone-13] › user/TC-WEB-181.spec.ts:20:5 › TC-WEB-181: duplicating a running entry starts the copy and stops the original (2.4s)
  ✓  81 [no-login-desktop-chrome] › no-login/TC-SEC-001.spec.ts:15:5 › TC-SEC-001: logout kills the session and login issues a new session id (4.2s)
  ✓  82 [no-login-desktop-chrome] › no-login/TC-SEC-004.spec.ts:20:5 › TC-SEC-004: login is a POST, no credential appears in any URL and the password is not echoed on failure (613ms)
  ✓  83 [no-login-desktop-chrome] › no-login/TC-SEC-004.spec.ts:33:5 › TC-SEC-004: the session cookie is HttpOnly and has a SameSite attribute (2.1s)
  -  84 [no-login-desktop-chrome] › no-login/TC-SEC-004.spec.ts:53:5 › TC-SEC-004: when HTTPS is used, Strict-Transport-Security is present
  ✓  85 [no-login-desktop-chrome] › no-login/TC-SEC-005.spec.ts:36:7 › TC-SEC-005: repeated login and reset requests are rate limited › TC-SEC-005: repeated reset requests are answered with 429 (2.1s)
  ✓  86 [no-login-desktop-chrome] › no-login/TC-SEC-005.spec.ts:42:7 › TC-SEC-005: repeated login and reset requests are rate limited › TC-SEC-005: after repeated failed logins the next attempt is refused with a throttling error (1.5s)
  ✓  87 [no-login-desktop-chrome] › no-login/TC-SEC-006.spec.ts:6:5 › TC-SEC-006: protected routes redirect a logged-out client and the API answers 401 (1.0s)
  ✓  88 [no-login-desktop-chrome] › no-login/TC-SEC-018.spec.ts:30:7 › TC-SEC-018: login CSRF protection › TC-SEC-018: the login form carries a hidden CSRF token (340ms)
  ✓  89 [no-login-desktop-chrome] › no-login/TC-SEC-018.spec.ts:35:7 › TC-SEC-018: login CSRF protection › TC-SEC-018: a submit without the token is rejected (530ms)
  ✓  90 [no-login-desktop-chrome] › no-login/TC-SEC-018.spec.ts:42:7 › TC-SEC-018: login CSRF protection › TC-SEC-018: a submit with an invalid token is rejected (446ms)
  ✓  91 [no-login-desktop-chrome] › no-login/TC-SEC-018.spec.ts:49:7 › TC-SEC-018: login CSRF protection › TC-SEC-018: a submit with the form's own token logs in (1.9s)
  ✓  92 [no-login-desktop-chrome] › no-login/TC-SEC-019.spec.ts:26:5 › TC-SEC-019: reset request without a valid CSRF token has no effect on the account (8.2s)
  ✓  93 [no-login-desktop-chrome] › no-login/TC-SEC-020.spec.ts:17:5 › TC-SEC-020: injection strings in the login username are shown as text and cause no error or login (2.0s)
  ✓  94 [no-login-desktop-chrome] › no-login/TC-SEC-021.spec.ts:16:5 › TC-SEC-021: injection strings in the reset identifier lead to the check-email page without echo, script or error (1.6s)
  ✓  95 [no-login-desktop-chrome] › no-login/TC-SEC-023.spec.ts:36:7 › TC-SEC-023: login failure does not reveal whether the username exists › TC-SEC-023: both attempts show the same error message text (1.5s)
  ✓  96 [no-login-desktop-chrome] › no-login/TC-SEC-023.spec.ts:41:7 › TC-SEC-023: login failure does not reveal whether the username exists › TC-SEC-023: both attempts end on the same URL with the same status (159ms)
  ✓  97 [no-login-desktop-chrome] › no-login/TC-SEC-023.spec.ts:46:7 › TC-SEC-023: login failure does not reveal whether the username exists › TC-SEC-023: no visible text depends on whether the username exists (145ms)
  ✓  98 [no-login-desktop-chrome] › no-login/TC-WEB-003.spec.ts:8:5 › TC-WEB-003: logged-out user requests a password reset and returns to login (3.2s)
  ✓  99 [no-login-desktop-chrome] › no-login/TC-WEB-015.spec.ts:9:5 › TC-WEB-015: valid credentials log each role in, land on the timesheet and survive a reload (4.7s)
  ✓  100 [no-login-desktop-chrome] › no-login/TC-WEB-016.spec.ts:14:5 › TC-WEB-016: unknown username is rejected with an error and no session (616ms)
  ✓  101 [no-login-desktop-chrome] › no-login/TC-WEB-016.spec.ts:25:5 › TC-WEB-016: wrong password for an existing user is rejected with an error and no session (1.2s)
  ✓  102 [no-login-desktop-chrome] › no-login/TC-WEB-016.spec.ts:35:5 › TC-WEB-016: empty submit is rejected without logging in (466ms)
  ✓  103 [no-login-desktop-chrome] › no-login/TC-WEB-016.spec.ts:41:5 › TC-WEB-016: show password switches the field between masked and visible (425ms)
  ✓  104 [no-login-desktop-chrome] › no-login/TC-WEB-016.spec.ts:52:5 › TC-WEB-016: forgot-password link opens the reset request form (428ms)
  ✓  105 [no-login-desktop-chrome] › no-login/TC-WEB-017.spec.ts:7:5 › TC-WEB-017: after login the browser returns to the requested protected route (1.6s)
  ✓  106 [no-login-desktop-chrome] › no-login/TC-WEB-018.spec.ts:8:5 › TC-WEB-018: username, e-mail address and unknown value all land on the same check-email page (3.1s)
  ✓  107 [no-login-desktop-chrome] › no-login/TC-WEB-097.spec.ts:18:5 › TC-WEB-097: flagged user is forced to change the password before using the app (6.0s)
  ✓  108 [no-login-desktop-chrome] › no-login/TC-WEB-101.spec.ts:16:5 › TC-WEB-101: every registration URL returns 404 (460ms)
  ✓  109 [no-login-desktop-chrome] › no-login/TC-WEB-101.spec.ts:20:5 › TC-WEB-101: every SAML URL returns 404 (347ms)
  ✓  110 [no-login-desktop-chrome] › no-login/TC-WEB-101.spec.ts:24:5 › TC-WEB-101: the share URL and the reset-token URL return 404 (332ms)
  ✓  111 [no-login-desktop-chrome] › no-login/TC-WEB-116.spec.ts:8:7 › TC-WEB-116: /en/login has no console errors and no failed requests (697ms)
  ✓  112 [no-login-desktop-chrome] › no-login/TC-WEB-116.spec.ts:8:7 › TC-WEB-116: /en/resetting/request has no console errors and no failed requests (747ms)
  ✓  113 [no-login-desktop-chrome] › no-login/TC-WEB-116.spec.ts:8:7 › TC-WEB-116: /en/resetting/check-email has no console errors and no failed requests (685ms)
  ✓  114 [no-login-desktop-chrome] › no-login/TC-WEB-116.spec.ts:21:5 › TC-WEB-116: a failed request is not retried away (1ms)
  ✓  115 [no-login-iphone-13] › no-login/TC-SEC-001.spec.ts:15:5 › TC-SEC-001: logout kills the session and login issues a new session id (4.2s)
  ✓  116 [no-login-iphone-13] › no-login/TC-SEC-004.spec.ts:20:5 › TC-SEC-004: login is a POST, no credential appears in any URL and the password is not echoed on failure (631ms)
  ✓  117 [no-login-iphone-13] › no-login/TC-SEC-004.spec.ts:33:5 › TC-SEC-004: the session cookie is HttpOnly and has a SameSite attribute (1.8s)
  -  118 [no-login-iphone-13] › no-login/TC-SEC-004.spec.ts:53:5 › TC-SEC-004: when HTTPS is used, Strict-Transport-Security is present
  ✓  119 [no-login-iphone-13] › no-login/TC-SEC-005.spec.ts:36:7 › TC-SEC-005: repeated login and reset requests are rate limited › TC-SEC-005: repeated reset requests are answered with 429 (2.0s)
  ✓  120 [no-login-iphone-13] › no-login/TC-SEC-005.spec.ts:42:7 › TC-SEC-005: repeated login and reset requests are rate limited › TC-SEC-005: after repeated failed logins the next attempt is refused with a throttling error (1.5s)
  ✓  121 [no-login-iphone-13] › no-login/TC-SEC-006.spec.ts:6:5 › TC-SEC-006: protected routes redirect a logged-out client and the API answers 401 (960ms)
  ✓  122 [no-login-iphone-13] › no-login/TC-SEC-018.spec.ts:30:7 › TC-SEC-018: login CSRF protection › TC-SEC-018: the login form carries a hidden CSRF token (389ms)
  ✓  123 [no-login-iphone-13] › no-login/TC-SEC-018.spec.ts:35:7 › TC-SEC-018: login CSRF protection › TC-SEC-018: a submit without the token is rejected (539ms)
  ✓  124 [no-login-iphone-13] › no-login/TC-SEC-018.spec.ts:42:7 › TC-SEC-018: login CSRF protection › TC-SEC-018: a submit with an invalid token is rejected (521ms)
  ✓  125 [no-login-iphone-13] › no-login/TC-SEC-018.spec.ts:49:7 › TC-SEC-018: login CSRF protection › TC-SEC-018: a submit with the form's own token logs in (1.7s)
  ✓  126 [no-login-iphone-13] › no-login/TC-SEC-019.spec.ts:26:5 › TC-SEC-019: reset request without a valid CSRF token has no effect on the account (7.5s)
  ✓  127 [no-login-iphone-13] › no-login/TC-SEC-020.spec.ts:17:5 › TC-SEC-020: injection strings in the login username are shown as text and cause no error or login (2.1s)
  ✓  128 [no-login-iphone-13] › no-login/TC-SEC-021.spec.ts:16:5 › TC-SEC-021: injection strings in the reset identifier lead to the check-email page without echo, script or error (1.7s)
  ✓  129 [no-login-iphone-13] › no-login/TC-SEC-023.spec.ts:36:7 › TC-SEC-023: login failure does not reveal whether the username exists › TC-SEC-023: both attempts show the same error message text (1.3s)
  ✓  130 [no-login-iphone-13] › no-login/TC-SEC-023.spec.ts:41:7 › TC-SEC-023: login failure does not reveal whether the username exists › TC-SEC-023: both attempts end on the same URL with the same status (225ms)
  ✓  131 [no-login-iphone-13] › no-login/TC-SEC-023.spec.ts:46:7 › TC-SEC-023: login failure does not reveal whether the username exists › TC-SEC-023: no visible text depends on whether the username exists (242ms)
  ✓  132 [no-login-iphone-13] › no-login/TC-WEB-003.spec.ts:8:5 › TC-WEB-003: logged-out user requests a password reset and returns to login (3.0s)
  ✓  133 [no-login-iphone-13] › no-login/TC-WEB-015.spec.ts:9:5 › TC-WEB-015: valid credentials log each role in, land on the timesheet and survive a reload (4.1s)
  ✓  134 [no-login-iphone-13] › no-login/TC-WEB-016.spec.ts:14:5 › TC-WEB-016: unknown username is rejected with an error and no session (629ms)
  ✓  135 [no-login-iphone-13] › no-login/TC-WEB-016.spec.ts:25:5 › TC-WEB-016: wrong password for an existing user is rejected with an error and no session (1.2s)
  ✓  136 [no-login-iphone-13] › no-login/TC-WEB-016.spec.ts:35:5 › TC-WEB-016: empty submit is rejected without logging in (574ms)
  ✓  137 [no-login-iphone-13] › no-login/TC-WEB-016.spec.ts:41:5 › TC-WEB-016: show password switches the field between masked and visible (619ms)
  ✓  138 [no-login-iphone-13] › no-login/TC-WEB-016.spec.ts:52:5 › TC-WEB-016: forgot-password link opens the reset request form (574ms)
  ✓  139 [no-login-iphone-13] › no-login/TC-WEB-017.spec.ts:7:5 › TC-WEB-017: after login the browser returns to the requested protected route (1.6s)
  ✓  140 [no-login-iphone-13] › no-login/TC-WEB-018.spec.ts:8:5 › TC-WEB-018: username, e-mail address and unknown value all land on the same check-email page (3.6s)
  ✓  141 [no-login-iphone-13] › no-login/TC-WEB-097.spec.ts:18:5 › TC-WEB-097: flagged user is forced to change the password before using the app (6.2s)
  ✓  142 [no-login-iphone-13] › no-login/TC-WEB-101.spec.ts:16:5 › TC-WEB-101: every registration URL returns 404 (572ms)
  ✓  143 [no-login-iphone-13] › no-login/TC-WEB-101.spec.ts:20:5 › TC-WEB-101: every SAML URL returns 404 (425ms)
  ✓  144 [no-login-iphone-13] › no-login/TC-WEB-101.spec.ts:24:5 › TC-WEB-101: the share URL and the reset-token URL return 404 (395ms)
  ✓  145 [no-login-iphone-13] › no-login/TC-WEB-116.spec.ts:8:7 › TC-WEB-116: /en/login has no console errors and no failed requests (795ms)
  ✓  146 [no-login-iphone-13] › no-login/TC-WEB-116.spec.ts:8:7 › TC-WEB-116: /en/resetting/request has no console errors and no failed requests (867ms)
  ✓  147 [no-login-iphone-13] › no-login/TC-WEB-116.spec.ts:8:7 › TC-WEB-116: /en/resetting/check-email has no console errors and no failed requests (784ms)
  ✓  148 [no-login-iphone-13] › no-login/TC-WEB-116.spec.ts:21:5 › TC-WEB-116: a failed request is not retried away (1ms)

  Slow test file: [super-admin-desktop-chrome] › super-admin/TC-WEB-034.spec.ts (33.7s)
  Slow test file: [super-admin-iphone-13] › super-admin/TC-WEB-034.spec.ts (33.2s)
  Consider splitting slow test files to speed up parallel execution
  14 skipped
  134 passed (6.1m)
